Warning: You are sending unauthenticated requests to the HF Hub. Please set a HF_TOKEN to enable higher rate limits and faster downloads.
Loading weights:   0%|          | 0/287 [00:00<?, ?it/s]Loading weights: 100%|██████████| 287/287 [00:00<00:00, 3722.68it/s]
Depth : depth-anything/Depth-Anything-V2-Metric-Outdoor-Small-hf
Load  : 0.5s | VRAM 48 MiB | fp16
Frames: 27 (15 có vật cản / 12 trống) | 640px | p10 | mét

--- Latency depth (27 lần) ---
  median 10 ms | min/max 9/85 ms   (VLM 4B đang là ~845 ms)

--- Quét ngưỡng, min 3 cột (free < ngưỡng => cảnh báo) ---
      ngưỡng  recall  specif  sp.khó  balanc  hướng
       1.50m     0%   100%   100%    50%    0%
       2.00m     0%   100%   100%    50%    0%
       3.00m     0%   100%   100%    50%    0%
       4.00m     0%   100%   100%    50%    0%
       5.00m     0%    92%   100%    46%    0%
       6.00m    13%    92%   100%    52%  100%
       8.00m    33%    83%   100%    58%   80%
      10.00m    47%    58%    75%    52%   71%
      12.00m    73%    58%    75%    66%   82%
      14.00m    73%    58%    75%    66%   82%
      15.00m    87%    58%    75%    73%   77%
      16.00m    87%    58%    75%    73%   77%
      18.00m    87%    50%    75%    68%   77%
      19.00m    93%    50%    75%    72%   71%
      19.50m    93%    42%    50%    68%   71%
      20.00m   100%    42%    50%    71%   73%  <- chọn
      21.00m   100%    42%    50%    71%   73%
      22.00m   100%    42%    50%    71%   73%
      24.00m   100%    42%    50%    71%   73%
      26.00m   100%    25%     0%    62%   73%
  quy tắc chọn: recall 100% + specificity cao nhất
  dư địa tới vật cản xa nhất (19.70): +0.30 = 1.5%   <- QUÁ SÁT, ngưỡng bị ghim bởi 1 frame

--- Quét ngưỡng, chỉ cột giữa (free < ngưỡng => cảnh báo) ---
      ngưỡng  recall  specif  sp.khó  balanc  hướng
       1.50m     0%   100%   100%    50%    0%
       2.00m     0%   100%   100%    50%    0%
       3.00m     0%   100%   100%    50%    0%
       4.00m     0%   100%   100%    50%    0%
       5.00m     0%    92%   100%    46%    0%
       6.00m    13%    92%   100%    52%  100%
       8.00m    20%    83%   100%    52%  100%
      10.00m    33%    58%    75%    46%   80%
      12.00m    60%    58%    75%    59%   78%
      14.00m    67%    58%    75%    62%   80%
      15.00m    67%    58%    75%    62%   80%
      16.00m    67%    58%    75%    62%   80%
      18.00m    67%    58%    75%    62%   80%
      19.00m    67%    58%    75%    62%   80%
      19.50m    73%    50%    50%    62%   82%
      20.00m    73%    50%    50%    62%   82%
      21.00m    73%    50%    50%    62%   82%
      22.00m    80%    50%    50%    65%   83%
      24.00m    87%    42%    50%    64%   77%
      26.00m    93%    42%    50%    68%   79%  <- chọn
  quy tắc chọn: KHÔNG ngưỡng nào đạt recall 100% -> đành lấy balanced cao nhất

--- Thang đo này có thật là mét không? ---
  frame có vật cản :   5.25 ..  19.70
  frame lối trống  :   4.25 ..  53.06
  Vật cản gần nhất trong bộ frame cách chừng 1-2 bước, nhưng đọc ra 5.3 'mét'.
  Checkpoint metric train trên VKITTI (camera gắn trên xe, tầm 0-80m), nên camera
  cầm tay ở tầm người là out-of-distribution: sai số thang chừng 4-5 lần. Chỉ THỨ TỰ
  dùng được. §16 KHÔNG ngưỡng được theo '3 bước chân' — ngưỡng phải hiệu chuẩn
  cho từng độ cao/góc chúc camera và sẽ trôi khi đổi cấu hình.

--- So với baseline ---
  cấu hình                  recall  specif  sp.khó  balanc
  VLM 4B v6 (near+mid)       100%    58%     0%    79%
  VLM 4B v6 (chỉ near)        87%    75%    25%    81%
  depth min-3-cột @20.0      100%    42%    50%    71%
  depth cột-giữa @26.0        93%    42%    50%    68%

--- Cùng-1-cây-cột (phép thử VLM đã trượt) ---
  synthnear_pole.jpg     min3=  5.46 giữa=  5.46 3cột=[6.0, 5.46, 6.06] gần-nhất=giữa
  synthfar_pole.jpg      min3= 25.99 giữa= 26.39 3cột=[26.45, 26.39, 25.99] gần-nhất=phải
  synthside_pole.jpg     min3=  9.66 giữa=  9.67 3cột=[9.86, 9.67, 9.66] gần-nhất=phải
  cột-xa xa hơn cột-gần?          CÓ  (25.99 vs 5.46)
  cột-lệch-bên bị cột-giữa bỏ qua? CÓ  (9.67 vs 5.46)
  => Depth phân biệt được xa/gần, thứ VLM không làm được.

--- FRAME THẬT (ngưỡng min-3-cột 20.00) ---
  CLR clear_00.jpg               min3= 24.42 giữa= 34.53 cột=trái  ok (âm khó)
  CLR clear_01.jpg               min3= 31.86 giữa= 68.38 cột=phải  ok
  HAZ clear_02.jpg               min3= 18.80 giữa= 30.15 cột=phải  ok
  CLR clearpath_00.jpg           min3= 53.06 giữa= 53.06 cột=giữa  ok
  HAZ clearpath_01.jpg           min3= 10.84 giữa= 12.23 cột=phải  ok
  HAZ crowd_00.jpg               min3= 10.13 giữa= 11.70 cột=trái  ok
  HAZ crowd_01.jpg               min3= 14.19 giữa= 22.66 cột=trái  ok
  HAZ door_00.jpg                min3= 19.70 giữa= 21.09 cột=trái  ok
  HAZ door_01.jpg                min3=  7.98 giữa= 10.56 cột=phải  ok
  HAZ lowlight_00.jpg            min3= 11.83 giữa= 24.50 cột=trái  ok
  HAZ lowlight_01.jpg            min3=  8.15 giữa=  8.80 cột=phải  ok
  HAZ pole_00.jpg                min3=  8.88 giữa=  8.88 cột=giữa  ok
  HAZ street_00.jpg              min3= 10.38 giữa= 10.38 cột=giữa  ok
  CLR street_01.jpg              min3= 17.17 giữa= 23.00 cột=trái  BÁO THỪA
  HAZ vehicle_00.jpg             min3=  7.80 giữa= 10.23 cột=phải  ok
  HAZ vehicle_01.jpg             min3= 14.45 giữa= 19.08 cột=trái  ok

--- FRAME SYNTHETIC (ngưỡng min-3-cột 20.00) ---
  HAZ synth_person_front.jpg     min3=  7.10 giữa=  7.10 cột=giữa  ok
  HAZ synth_pole_right.jpg       min3=  5.25 giữa=  5.33 cột=phải  ok
  CLR synthclear_dark.jpg        min3=  4.25 giữa=  4.34 cột=phải  BÁO THỪA
  CLR synthclear_grey.jpg        min3=  8.85 giữa=  8.85 cột=giữa  BÁO THỪA
  CLR synthclear_indoor.jpg      min3=  6.63 giữa=  6.63 cột=giữa  BÁO THỪA
  CLR synthclear_tiled.jpg       min3= 27.56 giữa= 27.74 cột=phải  ok
  CLR synthclear_warm.jpg        min3=  9.13 giữa=  9.13 cột=giữa  BÁO THỪA
  CLR synthfar_person.jpg        min3= 19.27 giữa= 19.27 cột=giữa  BÁO THỪA (âm khó)
  CLR synthfar_pole.jpg          min3= 25.99 giữa= 26.39 cột=phải  ok (âm khó)
  HAZ synthnear_pole.jpg         min3=  5.46 giữa=  5.46 cột=giữa  ok
  CLR synthside_pole.jpg         min3=  9.66 giữa=  9.67 cột=phải  BÁO THỪA (âm khó)

Ảnh depth (đỏ=xa, xanh=gần, vùng tối=ngoài lối đi) -> /home/ubuntu/ai-assistant/assets/depth/
Kết quả thô -> benchmarks/depth_overlay_source.json
