Warning: You are sending unauthenticated requests to the HF Hub. Please set a HF_TOKEN to enable higher rate limits and faster downloads.
Model : vinai/PhoWhisper-medium
Device: cuda | dtype=float16 | threads=2
Loading weights:   0%|          | 0/948 [00:00<?, ?it/s]Loading weights:  26%|██▌       | 243/948 [00:00<00:00, 2429.35it/s]Loading weights:  51%|█████▏    | 486/948 [00:00<00:00, 2101.75it/s]Loading weights:  74%|███████▍  | 700/948 [00:00<00:00, 1273.30it/s]Loading weights:  90%|█████████ | 854/948 [00:01<00:00, 409.22it/s] Loading weights: 100%|██████████| 948/948 [00:01<00:00, 617.10it/s]
[transformers] Both `max_new_tokens` (=64) and `max_length`(=448) seem to have been set. `max_new_tokens` will take precedence. Please refer to the documentation for more information. (https://huggingface.co/docs/transformers/main/en/main_classes/text_generation)
[transformers] A custom logits processor of type <class 'transformers.generation.logits_process.SuppressTokensLogitsProcessor'> has been passed to `.generate()`, but it was also created in `.generate()`, given its parameterization. The custom <class 'transformers.generation.logits_process.SuppressTokensLogitsProcessor'> will take precedence. Please check the docstring of <class 'transformers.generation.logits_process.SuppressTokensLogitsProcessor'> to see related `.generate()` flags.
[transformers] A custom logits processor of type <class 'transformers.generation.logits_process.SuppressTokensAtBeginLogitsProcessor'> has been passed to `.generate()`, but it was also created in `.generate()`, given its parameterization. The custom <class 'transformers.generation.logits_process.SuppressTokensAtBeginLogitsProcessor'> will take precedence. Please check the docstring of <class 'transformers.generation.logits_process.SuppressTokensAtBeginLogitsProcessor'> to see related `.generate()` flags.
[transformers] Ignoring clean_up_tokenization_spaces=True for BPE tokenizer WhisperTokenizer. The clean_up_tokenization post-processing step is designed for WordPiece tokenizers and is destructive for BPE (it strips spaces before punctuation). Set clean_up_tokenization_spaces=False to suppress this warning, or set clean_up_tokenization_spaces_for_bpe_even_though_it_will_corrupt_output=True to force cleanup anyway.
[transformers] Both `max_new_tokens` (=64) and `max_length`(=448) seem to have been set. `max_new_tokens` will take precedence. Please refer to the documentation for more information. (https://huggingface.co/docs/transformers/main/en/main_classes/text_generation)
[transformers] Both `max_new_tokens` (=64) and `max_length`(=448) seem to have been set. `max_new_tokens` will take precedence. Please refer to the documentation for more information. (https://huggingface.co/docs/transformers/main/en/main_classes/text_generation)
[transformers] Both `max_new_tokens` (=64) and `max_length`(=448) seem to have been set. `max_new_tokens` will take precedence. Please refer to the documentation for more information. (https://huggingface.co/docs/transformers/main/en/main_classes/text_generation)
[transformers] Both `max_new_tokens` (=64) and `max_length`(=448) seem to have been set. `max_new_tokens` will take precedence. Please refer to the documentation for more information. (https://huggingface.co/docs/transformers/main/en/main_classes/text_generation)
[transformers] Both `max_new_tokens` (=64) and `max_length`(=448) seem to have been set. `max_new_tokens` will take precedence. Please refer to the documentation for more information. (https://huggingface.co/docs/transformers/main/en/main_classes/text_generation)
[transformers] Both `max_new_tokens` (=64) and `max_length`(=448) seem to have been set. `max_new_tokens` will take precedence. Please refer to the documentation for more information. (https://huggingface.co/docs/transformers/main/en/main_classes/text_generation)
[transformers] Both `max_new_tokens` (=64) and `max_length`(=448) seem to have been set. `max_new_tokens` will take precedence. Please refer to the documentation for more information. (https://huggingface.co/docs/transformers/main/en/main_classes/text_generation)
[transformers] Both `max_new_tokens` (=64) and `max_length`(=448) seem to have been set. `max_new_tokens` will take precedence. Please refer to the documentation for more information. (https://huggingface.co/docs/transformers/main/en/main_classes/text_generation)
Load  : 30.0s

  command_00.wav      1.4s audio |   1217 ms | RTF 0.90 | NAVIGATE(dest='vincom')
    -> 'đưa tôi đến vincom.'
       ref='đưa tôi đến vincom'  WER=0%
  command_01.wav      1.3s audio |    231 ms | RTF 0.18 | DESCRIBE
    -> 'xung quanh nói vậy.'
       ref='xung quanh có gì'  WER=50%
  command_02.wav      1.0s audio |    337 ms | RTF 0.32 | READ_TEXT
    -> 'đọc miệng phía trước.'
       ref='đọc biển phía trước'  WER=25%
  command_03.wav      1.0s audio |    243 ms | RTF 0.23 | UNKNOWN
    -> 'dựng dẫn đường.'
       ref='dừng dẫn đường'  WER=33%
  critical_00.wav     0.8s audio |    170 ms | RTF 0.21 | STOP_NAV
    -> 'dừng lại.'
  critical_01.wav     0.7s audio |    208 ms | RTF 0.29 | UNKNOWN
    -> 'rẽ trái.'
  critical_02.wav     1.7s audio |    355 ms | RTF 0.21 | UNKNOWN
    -> 'có vật cản phía trước bên phải.'
  dynamic_00.wav      2.5s audio |    538 ms | RTF 0.22 | UNKNOWN
    -> 'khoảng ba mươi mét nữa rẽ phải vào đường nguyễn trãi.'
  dynamic_01.wav      3.1s audio |    628 ms | RTF 0.20 | UNKNOWN
    -> 'đang dẫn đường tới viên com bà triệu còn khoảng bốn trăm mét.'

--- Kết luận STT ---
  latency median 337 ms | max 1217 ms
  WER trung bình trên 4 command: 27%
  (lưu ý: audio là TTS-synth, sạch hơn thực tế — cần thu ngoài đường để đánh giá thật)
  ngưỡng confidence đề xuất: 0.6 -> dưới mức này phát REPEAT_PLEASE.wav
  => GPU 337 ms. Tốn thêm ~0.5 GiB VRAM (T4 còn dư ~10 GiB sau VLM) và STT chỉ chạy lúc push-to-talk nên không cản VLM. Nên chọn đường này.
